// Jest Snapshot v1, https://goo.gl/fbAQLP

exports[`Pruebas en el componente GifGrid Debe mostrarse correctamente  1`] = `
<Fragment>
  <h3>
    Paraguay
  </h3>
  <p>
    Cargando
  </p>
  <div
    className="card-grid"
  />
</Fragment>
`;
